main.c:92:5:main	8	static
main.c:175:6:HAL_ADC_ConvCpltCallback	16	static
main.c:181:6:HAL_TIM_PeriodElapsedCallback	24	static
main.c:216:6:HAL_UART_RxCpltCallback	24	static
main.c:259:6:SystemClock_Config	168	static
main.c:308:13:MX_ADC2_Init	40	static
main.c:365:13:MX_DAC1_Init	56	static
main.c:414:13:MX_TIM2_Init	40	static
main.c:459:13:MX_TIM6_Init	24	static
main.c:497:13:MX_TIM7_Init	24	static
main.c:535:13:MX_TIM8_Init	40	static
main.c:582:13:MX_USART1_UART_Init	8	static
main.c:631:13:MX_GPIO_Init	40	static
main.c:661:6:Error_Handler	4	static,ignoring_inline_asm
