main.c:114:5:main	8	static
main.c:181:6:HAL_TIM_PeriodElapsedCallback	32	static
main.c:214:6:HAL_UART_RxCpltCallback	24	static
main.c:226:6:SystemClock_Config	168	static
main.c:275:13:MX_ADC2_Init	40	static
main.c:339:13:MX_DAC1_Init	56	static
main.c:379:13:MX_DAC2_Init	56	static
main.c:430:13:MX_DAC4_Init	56	static
main.c:475:13:MX_TIM2_Init	40	static
main.c:520:13:MX_TIM6_Init	24	static
main.c:558:13:MX_TIM7_Init	24	static
main.c:596:13:MX_TIM8_Init	40	static
main.c:643:13:MX_USART1_UART_Init	8	static
main.c:691:13:MX_GPIO_Init	40	static
main.c:712:13:MX_COMP5_Init	8	static
main.c:748:6:Error_Handler	4	static,ignoring_inline_asm
