stm32g4xx_it.c:77:6:NMI_Handler	4	static
stm32g4xx_it.c:92:6:HardFault_Handler	4	static
stm32g4xx_it.c:107:6:MemManage_Handler	4	static
stm32g4xx_it.c:122:6:BusFault_Handler	4	static
stm32g4xx_it.c:137:6:UsageFault_Handler	4	static
stm32g4xx_it.c:152:6:SVC_Handler	4	static
stm32g4xx_it.c:165:6:DebugMon_Handler	4	static
stm32g4xx_it.c:178:6:PendSV_Handler	4	static
stm32g4xx_it.c:191:6:SysTick_Handler	8	static
stm32g4xx_it.c:212:6:TIM2_IRQHandler	8	static
stm32g4xx_it.c:226:6:USART1_IRQHandler	8	static
stm32g4xx_it.c:240:6:TIM8_UP_IRQHandler	8	static
stm32g4xx_it.c:254:6:TIM6_DAC_IRQHandler	8	static
stm32g4xx_it.c:269:6:TIM7_DAC_IRQHandler	8	static
